=== arbiter === seed 7
[ RUN  ] idle_grants_nothing
[  OK  ] idle_grants_nothing (57 checks)
[ RUN  ] single_requester_always_wins
[  OK  ] single_requester_always_wins (121 checks)
[ RUN  ] rotates_under_full_load
[  OK  ] rotates_under_full_load (157 checks)
[ RUN  ] no_starvation_under_contention
[  OK  ] no_starvation_under_contention (14187 checks)
[ RUN  ] random_stress
[  OK  ] random_stress (11991 checks)

-- arbiter coverage: 9/9 bins, 100.0% --
   no requests              HIT  (287)
   single request           HIT  (879)
   all requesting           HIT  (1134)
   contention               HIT  (2879)
   worst-case wait reached  HIT  (468)
   granted=0                HIT  (1113)
   granted=1                HIT  (904)
   granted=2                HIT  (841)
   granted=3                HIT  (900)

=== arbiter: 5 passed, 0 failed | 26513 checks, 0 errors | coverage 100.0% ===
VLIB_RESULT suite=arbiter seed=7 passed=5 failed=0 errors=0 coverage=100.0
